ELEVENLABS_API_KEY not set - audio features disabled
Email service disabled - SMTP not configured
INFO:     Started server process [24332]
INFO:     Waiting for application startup.
2026-07-29 10:32:48,012 DEBUG [aiosqlite] executing <function connect.<locals>.connector at 0x0000026A281683B0>
2026-07-29 10:32:48,019 DEBUG [aiosqlite] operation <function connect.<locals>.connector at 0x0000026A281683B0> completed
2026-07-29 10:32:48,023 DEBUG [aiosqlite] executing functools.partial(<built-in method execute of sqlite3.Connection object at 0x0000026A27D73970>, 'PRAGMA foreign_keys = OFF', ())
2026-07-29 10:32:48,028 DEBUG [aiosqlite] operation functools.partial(<built-in method execute of sqlite3.Connection object at 0x0000026A27D73970>, 'PRAGMA foreign_keys = OFF', ()) completed
2026-07-29 10:32:48,030 DEBUG [aiosqlite] executing functools.partial(<built-in method execute of sqlite3.Connection object at 0x0000026A27D73970>, "\nCREATE TABLE IF NOT EXISTS schema_migrations (\n    id INTEGER PRIMARY KEY AUTOINCREMENT,\n    filename TEXT UNIQUE NOT NULL,\n    version TEXT NOT NULL,\n    applied_at TEXT NOT NULL DEFAULT (datetime('now'))\n)\n", ())
2026-07-29 10:32:48,034 DEBUG [aiosqlite] operation functools.partial(<built-in method execute of sqlite3.Connection object at 0x0000026A27D73970>, "\nCREATE TABLE IF NOT EXISTS schema_migrations (\n    id INTEGER PRIMARY KEY AUTOINCREMENT,\n    filename TEXT UNIQUE NOT NULL,\n    version TEXT NOT NULL,\n    applied_at TEXT NOT NULL DEFAULT (datetime('now'))\n)\n", ()) completed
2026-07-29 10:32:48,036 DEBUG [aiosqlite] executing functools.partial(<built-in method execute of sqlite3.Connection object at 0x0000026A27D73970>, 'SELECT filename FROM schema_migrations ORDER BY applied_at', ())
2026-07-29 10:32:48,037 DEBUG [aiosqlite] operation functools.partial(<built-in method execute of sqlite3.Connection object at 0x0000026A27D73970>, 'SELECT filename FROM schema_migrations ORDER BY applied_at', ()) completed
2026-07-29 10:32:48,040 DEBUG [aiosqlite] executing functools.partial(<built-in method fetchall of sqlite3.Cursor object at 0x0000026A2812FF40>)
2026-07-29 10:32:48,040 DEBUG [aiosqlite] operation functools.partial(<built-in method fetchall of sqlite3.Cursor object at 0x0000026A2812FF40>) completed
2026-07-29 10:32:48,043 DEBUG [aiosqlite] executing functools.partial(<built-in method execute of sqlite3.Connection object at 0x0000026A27D73970>, 'PRAGMA foreign_keys = ON', ())
2026-07-29 10:32:48,043 DEBUG [aiosqlite] operation functools.partial(<built-in method execute of sqlite3.Connection object at 0x0000026A27D73970>, 'PRAGMA foreign_keys = ON', ()) completed
2026-07-29 10:32:48,043 DEBUG [aiosqlite] executing functools.partial(<built-in method commit of sqlite3.Connection object at 0x0000026A27D73970>)
2026-07-29 10:32:48,044 DEBUG [aiosqlite] operation functools.partial(<built-in method commit of sqlite3.Connection object at 0x0000026A27D73970>) completed
2026-07-29 10:32:48,044 DEBUG [aiosqlite] executing functools.partial(<built-in method close of sqlite3.Connection object at 0x0000026A27D73970>)
2026-07-29 10:32:48,044 DEBUG [aiosqlite] operation functools.partial(<built-in method close of sqlite3.Connection object at 0x0000026A27D73970>) completed
2026-07-29 10:32:48,044 DEBUG [aiosqlite] executing <function Connection.stop.<locals>.close_and_stop at 0x0000026A28168670>
2026-07-29 10:32:48,044 DEBUG [aiosqlite] operation <function Connection.stop.<locals>.close_and_stop at 0x0000026A28168670> completed
2026-07-29 10:32:48,188 INFO [nebula.crawler.scheduler] Crawl job scheduler started
2026-07-29 10:32:48,192 INFO [nebula.analytics.background] Analytics background worker started
2026-07-29 10:32:48,196 DEBUG [aiosqlite] executing <function connect.<locals>.connector at 0x0000026A284E7480>
2026-07-29 10:32:48,197 DEBUG [aiosqlite] operation <function connect.<locals>.connector at 0x0000026A284E7480> completed
2026-07-29 10:32:48,197 DEBUG [aiosqlite] executing functools.partial(<built-in method execute of sqlite3.Connection object at 0x0000026A284FD120>, 'SELECT 1', ())
2026-07-29 10:32:48,198 DEBUG [aiosqlite] operation functools.partial(<built-in method execute of sqlite3.Connection object at 0x0000026A284FD120>, 'SELECT 1', ()) completed
2026-07-29 10:32:48,198 DEBUG [aiosqlite] executing functools.partial(<built-in method close of sqlite3.Connection object at 0x0000026A284FD120>)
2026-07-29 10:32:48,198 DEBUG [aiosqlite] operation functools.partial(<built-in method close of sqlite3.Connection object at 0x0000026A284FD120>) completed
2026-07-29 10:32:48,198 DEBUG [aiosqlite] executing <function Connection.stop.<locals>.close_and_stop at 0x0000026A28500BF0>
2026-07-29 10:32:48,199 DEBUG [aiosqlite] operation <function Connection.stop.<locals>.close_and_stop at 0x0000026A28500BF0> completed
2026-07-29 10:32:48,199 INFO [nebula] Database health check passed
2026-07-29 10:32:48,199 INFO [nebula] Cache health check: in-memory (no Redis configured)
2026-07-29 10:32:48,200 INFO [nebula] All dependency health checks passed
2026-07-29 10:32:48,200 INFO [nebula] Nebula Search API started (env=testing, db=sqlite)
INFO:     Application startup complete.
INFO:     Uvicorn running on http://127.0.0.1:8000 (Press CTRL+C to quit)
2026-07-29 10:33:23,771 DEBUG [nebula.ratelimit] Rate limit auth extraction failed, falling back to API key/IP: 401: Invalid token
2026-07-29 10:33:27,132 DEBUG [nebula.ratelimit] Rate limit auth extraction failed, falling back to API key/IP: 401: Missing or invalid authentication
2026-07-29 10:33:27,137 DEBUG [aiosqlite] executing <function connect.<locals>.connector at 0x0000026A2856E4B0>
2026-07-29 10:33:27,142 DEBUG [aiosqlite] operation <function connect.<locals>.connector at 0x0000026A2856E4B0> completed
2026-07-29 10:33:27,152 DEBUG [aiosqlite] executing functools.partial(<built-in method close of sqlite3.Connection object at 0x0000026A2855F790>)
2026-07-29 10:33:27,153 DEBUG [aiosqlite] operation functools.partial(<built-in method close of sqlite3.Connection object at 0x0000026A2855F790>) completed
2026-07-29 10:33:27,155 DEBUG [aiosqlite] executing <function Connection.stop.<locals>.close_and_stop at 0x0000026A2856E770>
2026-07-29 10:33:27,157 DEBUG [aiosqlite] operation <function Connection.stop.<locals>.close_and_stop at 0x0000026A2856E770> completed
2026-07-29 10:33:27,170 DEBUG [nebula.ratelimit] Rate limit auth extraction failed, falling back to API key/IP: 401: Missing or invalid authentication
2026-07-29 10:33:27,175 DEBUG [aiosqlite] executing <function connect.<locals>.connector at 0x0000026A286B1170>
2026-07-29 10:33:27,181 DEBUG [aiosqlite] operation <function connect.<locals>.connector at 0x0000026A286B1170> completed
2026-07-29 10:33:27,187 DEBUG [aiosqlite] executing functools.partial(<built-in method close of sqlite3.Connection object at 0x0000026A286A88B0>)
2026-07-29 10:33:27,192 DEBUG [aiosqlite] operation functools.partial(<built-in method close of sqlite3.Connection object at 0x0000026A286A88B0>) completed
2026-07-29 10:33:27,195 DEBUG [aiosqlite] executing <function Connection.stop.<locals>.close_and_stop at 0x0000026A286B1430>
2026-07-29 10:33:27,199 DEBUG [aiosqlite] operation <function Connection.stop.<locals>.close_and_stop at 0x0000026A286B1430> completed
2026-07-29 10:33:33,522 DEBUG [nebula.ratelimit] Rate limit auth extraction failed, falling back to API key/IP: 401: Missing or invalid authentication
2026-07-29 10:33:33,523 DEBUG [aiosqlite] executing <function connect.<locals>.connector at 0x0000026A286D4880>
2026-07-29 10:33:33,527 DEBUG [aiosqlite] operation <function connect.<locals>.connector at 0x0000026A286D4880> completed
2026-07-29 10:33:33,530 DEBUG [aiosqlite] executing functools.partial(<built-in method close of sqlite3.Connection object at 0x0000026A286A95D0>)
2026-07-29 10:33:33,534 DEBUG [aiosqlite] operation functools.partial(<built-in method close of sqlite3.Connection object at 0x0000026A286A95D0>) completed
2026-07-29 10:33:33,539 DEBUG [aiosqlite] executing <function Connection.stop.<locals>.close_and_stop at 0x0000026A286D4B40>
2026-07-29 10:33:33,547 DEBUG [aiosqlite] operation <function Connection.stop.<locals>.close_and_stop at 0x0000026A286D4B40> completed
2026-07-29 10:33:33,572 DEBUG [nebula.ratelimit] Rate limit auth extraction failed, falling back to API key/IP: 401: Missing or invalid authentication
2026-07-29 10:33:33,575 DEBUG [aiosqlite] executing <function connect.<locals>.connector at 0x0000026A286D7E20>
2026-07-29 10:33:33,580 DEBUG [aiosqlite] operation <function connect.<locals>.connector at 0x0000026A286D7E20> completed
2026-07-29 10:33:33,588 DEBUG [aiosqlite] executing functools.partial(<built-in method close of sqlite3.Connection object at 0x0000026A286AA2F0>)
2026-07-29 10:33:33,594 DEBUG [aiosqlite] operation functools.partial(<built-in method close of sqlite3.Connection object at 0x0000026A286AA2F0>) completed
2026-07-29 10:33:33,604 DEBUG [aiosqlite] executing <function Connection.stop.<locals>.close_and_stop at 0x0000026A286EC0F0>
2026-07-29 10:33:33,612 DEBUG [aiosqlite] operation <function Connection.stop.<locals>.close_and_stop at 0x0000026A286EC0F0> completed
2026-07-29 10:33:37,177 DEBUG [nebula.ratelimit] Rate limit auth extraction failed, falling back to API key/IP: 401: Invalid token
2026-07-29 10:33:37,481 DEBUG [nebula.ratelimit] Rate limit auth extraction failed, falling back to API key/IP: 401: Missing or invalid authentication
2026-07-29 10:33:37,483 DEBUG [aiosqlite] executing <function connect.<locals>.connector at 0x0000026A28700510>
2026-07-29 10:33:37,484 DEBUG [aiosqlite] operation <function connect.<locals>.connector at 0x0000026A28700510> completed
2026-07-29 10:33:37,484 DEBUG [aiosqlite] executing functools.partial(<built-in method close of sqlite3.Connection object at 0x0000026A286ABD30>)
2026-07-29 10:33:37,485 DEBUG [aiosqlite] operation functools.partial(<built-in method close of sqlite3.Connection object at 0x0000026A286ABD30>) completed
2026-07-29 10:33:37,485 DEBUG [aiosqlite] executing <function Connection.stop.<locals>.close_and_stop at 0x0000026A28700720>
2026-07-29 10:33:37,485 DEBUG [aiosqlite] operation <function Connection.stop.<locals>.close_and_stop at 0x0000026A28700720> completed
2026-07-29 10:33:37,496 DEBUG [nebula.ratelimit] Rate limit auth extraction failed, falling back to API key/IP: 401: Missing or invalid authentication
2026-07-29 10:33:37,502 DEBUG [aiosqlite] executing <function connect.<locals>.connector at 0x0000026A28703B60>
2026-07-29 10:33:37,509 DEBUG [aiosqlite] operation <function connect.<locals>.connector at 0x0000026A28703B60> completed
2026-07-29 10:33:37,510 DEBUG [aiosqlite] executing functools.partial(<built-in method close of sqlite3.Connection object at 0x0000026A28708C70>)
2026-07-29 10:33:37,510 DEBUG [aiosqlite] operation functools.partial(<built-in method close of sqlite3.Connection object at 0x0000026A28708C70>) completed
2026-07-29 10:33:37,511 DEBUG [aiosqlite] executing <function Connection.stop.<locals>.close_and_stop at 0x0000026A28703E20>
2026-07-29 10:33:37,511 DEBUG [aiosqlite] operation <function Connection.stop.<locals>.close_and_stop at 0x0000026A28703E20> completed
2026-07-29 10:33:43,684 DEBUG [nebula.ratelimit] Rate limit auth extraction failed, falling back to API key/IP: 401: Missing or invalid authentication
2026-07-29 10:33:43,686 DEBUG [aiosqlite] executing <function connect.<locals>.connector at 0x0000026A28717270>
2026-07-29 10:33:43,688 DEBUG [aiosqlite] operation <function connect.<locals>.connector at 0x0000026A28717270> completed
2026-07-29 10:33:43,691 DEBUG [aiosqlite] executing functools.partial(<built-in method close of sqlite3.Connection object at 0x0000026A28709E40>)
2026-07-29 10:33:43,693 DEBUG [aiosqlite] operation functools.partial(<built-in method close of sqlite3.Connection object at 0x0000026A28709E40>) completed
2026-07-29 10:33:43,696 DEBUG [aiosqlite] executing <function Connection.stop.<locals>.close_and_stop at 0x0000026A28717530>
2026-07-29 10:33:43,703 DEBUG [aiosqlite] operation <function Connection.stop.<locals>.close_and_stop at 0x0000026A28717530> completed
2026-07-29 10:33:43,718 DEBUG [nebula.ratelimit] Rate limit auth extraction failed, falling back to API key/IP: 401: Missing or invalid authentication
2026-07-29 10:33:43,719 DEBUG [aiosqlite] executing <function connect.<locals>.connector at 0x0000026A287268D0>
2026-07-29 10:33:43,721 DEBUG [aiosqlite] operation <function connect.<locals>.connector at 0x0000026A287268D0> completed
2026-07-29 10:33:43,723 DEBUG [aiosqlite] executing functools.partial(<built-in method close of sqlite3.Connection object at 0x0000026A2870B010>)
2026-07-29 10:33:43,723 DEBUG [aiosqlite] operation functools.partial(<built-in method close of sqlite3.Connection object at 0x0000026A2870B010>) completed
2026-07-29 10:33:43,723 DEBUG [aiosqlite] executing <function Connection.stop.<locals>.close_and_stop at 0x0000026A28726B90>
2026-07-29 10:33:43,725 DEBUG [aiosqlite] operation <function Connection.stop.<locals>.close_and_stop at 0x0000026A28726B90> completed
2026-07-29 10:33:46,650 DEBUG [nebula.ratelimit] Rate limit auth extraction failed, falling back to API key/IP: 401: Invalid token
2026-07-29 10:33:48,208 DEBUG [aiosqlite] executing <function connect.<locals>.connector at 0x0000026A286D49E0>
2026-07-29 10:33:48,209 DEBUG [aiosqlite] operation <function connect.<locals>.connector at 0x0000026A286D49E0> completed
2026-07-29 10:33:48,210 DEBUG [aiosqlite] executing functools.partial(<built-in method execute of sqlite3.Connection object at 0x0000026A2870B3D0>, 'SELECT \n                COUNT(*) as total_queries,\n                COUNT(DISTINCT user_id) as unique_users,\n                SUM(CASE WHEN results_count = 0 THEN 1 ELSE 0 END) as zero_results,\n                AVG(response_time_ms) as avg_response_time\n            FROM search_events \n            WHERE created_at >= ? AND created_at < ?', ('2026-07-29 09:00:00', '2026-07-29 10:00:00'))
2026-07-29 10:33:48,221 DEBUG [aiosqlite] operation functools.partial(<built-in method execute of sqlite3.Connection object at 0x0000026A2870B3D0>, 'SELECT \n                COUNT(*) as total_queries,\n                COUNT(DISTINCT user_id) as unique_users,\n                SUM(CASE WHEN results_count = 0 THEN 1 ELSE 0 END) as zero_results,\n                AVG(response_time_ms) as avg_response_time\n            FROM search_events \n            WHERE created_at >= ? AND created_at < ?', ('2026-07-29 09:00:00', '2026-07-29 10:00:00')) completed
2026-07-29 10:33:48,221 DEBUG [aiosqlite] executing functools.partial(<built-in method fetchone of sqlite3.Cursor object at 0x0000026A284C18C0>)
2026-07-29 10:33:48,221 DEBUG [aiosqlite] operation functools.partial(<built-in method fetchone of sqlite3.Cursor object at 0x0000026A284C18C0>) completed
2026-07-29 10:33:48,222 DEBUG [aiosqlite] executing functools.partial(<built-in method execute of sqlite3.Connection object at 0x0000026A2870B3D0>, 'INSERT OR REPLACE INTO analytics_hourly \n                (hour_timestamp, total_queries, unique_users, zero_result_queries, avg_response_time, updated_at)\n                VALUES (?, ?, ?, ?, ?, ?)', ('2026-07-29 09:00:00', 0, 0, None, None, '2026-07-29T10:33:48.222120'))
2026-07-29 10:33:48,227 DEBUG [aiosqlite] operation functools.partial(<built-in method execute of sqlite3.Connection object at 0x0000026A2870B3D0>, 'INSERT OR REPLACE INTO analytics_hourly \n                (hour_timestamp, total_queries, unique_users, zero_result_queries, avg_response_time, updated_at)\n                VALUES (?, ?, ?, ?, ?, ?)', ('2026-07-29 09:00:00', 0, 0, None, None, '2026-07-29T10:33:48.222120')) completed
2026-07-29 10:33:48,227 DEBUG [aiosqlite] executing functools.partial(<built-in method commit of sqlite3.Connection object at 0x0000026A2870B3D0>)
2026-07-29 10:33:48,234 DEBUG [aiosqlite] operation functools.partial(<built-in method commit of sqlite3.Connection object at 0x0000026A2870B3D0>) completed
2026-07-29 10:33:48,234 INFO [app.services.analytics_service] Hourly aggregation completed for 2026-07-29 09:00:00
2026-07-29 10:33:48,235 DEBUG [nebula.analytics.background] Hourly aggregation completed
2026-07-29 10:33:48,235 DEBUG [aiosqlite] executing functools.partial(<built-in method close of sqlite3.Connection object at 0x0000026A2870B3D0>)
2026-07-29 10:33:48,236 DEBUG [aiosqlite] operation functools.partial(<built-in method close of sqlite3.Connection object at 0x0000026A2870B3D0>) completed
2026-07-29 10:33:48,237 DEBUG [aiosqlite] executing <function Connection.stop.<locals>.close_and_stop at 0x0000026A28558EB0>
2026-07-29 10:33:48,237 DEBUG [aiosqlite] operation <function Connection.stop.<locals>.close_and_stop at 0x0000026A28558EB0> completed
2026-07-29 10:33:48,238 DEBUG [aiosqlite] executing <function connect.<locals>.connector at 0x0000026A28703CC0>
2026-07-29 10:33:48,241 DEBUG [aiosqlite] operation <function connect.<locals>.connector at 0x0000026A28703CC0> completed
2026-07-29 10:33:48,243 DEBUG [aiosqlite] executing functools.partial(<built-in method execute of sqlite3.Connection object at 0x0000026A2870B5B0>, "SELECT query, COUNT(*) as count \n                FROM search_events \n                WHERE created_at >= datetime('now', '-1 day')\n                GROUP BY query \n                ORDER BY count DESC \n                LIMIT 50", ())
2026-07-29 10:33:48,246 DEBUG [aiosqlite] operation functools.partial(<built-in method execute of sqlite3.Connection object at 0x0000026A2870B5B0>, "SELECT query, COUNT(*) as count \n                FROM search_events \n                WHERE created_at >= datetime('now', '-1 day')\n                GROUP BY query \n                ORDER BY count DESC \n                LIMIT 50", ()) completed
2026-07-29 10:33:48,247 DEBUG [aiosqlite] executing functools.partial(<built-in method fetchall of sqlite3.Cursor object at 0x0000026A284C18C0>)
2026-07-29 10:33:48,248 DEBUG [aiosqlite] operation functools.partial(<built-in method fetchall of sqlite3.Cursor object at 0x0000026A284C18C0>) completed
2026-07-29 10:33:48,248 DEBUG [nebula.analytics.background] Trending searches computed: 0 queries
2026-07-29 10:33:48,251 DEBUG [aiosqlite] executing functools.partial(<built-in method close of sqlite3.Connection object at 0x0000026A2870B5B0>)
2026-07-29 10:33:48,255 DEBUG [aiosqlite] operation functools.partial(<built-in method close of sqlite3.Connection object at 0x0000026A2870B5B0>) completed
2026-07-29 10:33:48,257 DEBUG [aiosqlite] executing <function Connection.stop.<locals>.close_and_stop at 0x0000026A28500F60>
2026-07-29 10:33:48,258 DEBUG [aiosqlite] operation <function Connection.stop.<locals>.close_and_stop at 0x0000026A28500F60> completed
